
ΓÜá∩╕Å Detected that your app uses Expo Go for development, this is not recommended when building production apps.
Learn more: https://expo.fyi/why-not-build-expo-go-for-production
To suppress this warning, set EAS_BUILD_NO_EXPO_GO_WARNING=true.

The field "cli.appVersionSource" is not set, but it will be required in the future. Learn more: https://docs.expo.dev/build-reference/app-versions/
Resolved "production" environment for the build. Learn more: https://docs.expo.dev/eas/environment-variables/#setting-the-environment-for-your-builds
Environment variables with visibility "Plain text" and "Sensitive" loaded from the "production" environment on EAS: EXPO_PUBLIC_CLERK_PUBLISHABLE_KEY, EXPO_PUBLIC_CONVEX_URL.



The field "cli.appVersionSource" is not set, but it will be required in the future. Learn more: https://docs.expo.dev/build-reference/app-versions/
ΓêÜ Using remote Android credentials (Expo server)
ΓêÜ Using Keystore from configuration: Build Credentials W4TVjABWEJ (default)

Compressing project files and uploading to EAS Build. Learn more: https://expo.fyi/eas-build-archive
- Compressing project files\ Compressing project files| Compressing project files/ Compressing project files- Compressing project files\ Compressing project files| Compressing project files/ Compressing project files- Compressing project files\ Compressing project files| Compressing project files/ Compressing project files- Compressing project files\ Compressing project files| Compressing project files/ Compressing project files- Compressing project files\ Compressing project files| Compressing project files/ Compressing project files- Compressing project files\ Compressing project files| Compressing project files/ Compressing project files- Compressing project files\ Compressing project files| Compressing project files/ Compressing project files- Compressing project files\ Compressing project files| Compressing project files/ Compressing project files- Compressing project files\ Compressing project files| Compressing project files/ Compressing project files- Compressing project files\ Compressing project files| Compressing project files/ Compressing project files- Compressing project files\ Compressing project files| Compressing project files/ Compressing project files- Compressing project files\ Compressing project files| Compressing project files/ Compressing project files- Compressing project files\ Compressing project files| Compressing project files/ Compressing project files- Compressing project files\ Compressing project files| Compressing project files/ Compressing project files- Compressing project files\ Compressing project files| Compressing project files/ Compressing project files- Compressing project files\ Compressing project files| Compressing project files/ Compressing project files- Compressing project files\ Compressing project files| Compressing project files/ Compressing project files- Compressing project files\ Compressing project files| Compressing project files/ Compressing project filesΓêÜ Compressed project files 12s (375 KB)
- Uploading to EAS Build (0 / 375 KB)\ Uploading to EAS Build (64.0 KB / 375 KB)| Uploading to EAS Build (64.0 KB / 375 KB)/ Uploading to EAS Build (128 KB / 375 KB)- Uploading to EAS Build (192 KB / 375 KB)\ Uploading to EAS Build (192 KB / 375 KB)| Uploading to EAS Build (192 KB / 375 KB)/ Uploading to EAS Build (375 KB / 375 KB)- Uploading to EAS Build (375 KB / 375 KB)\ Uploading to EAS Build (375 KB / 375 KB)| Uploading to EAS Build (375 KB / 375 KB)/ Uploading to EAS Build (375 KB / 375 KB)- Uploading to EAS Build (375 KB / 375 KB)\ Uploading to EAS Build (375 KB / 375 KB)ΓêÜ Uploaded to EAS 2s
Γî¢∩╕Å Computing the project fingerprint is taking longer than expected...
ΓÅ⌐ To skip this step, set the environment variable: EAS_SKIP_AUTO_FINGERPRINT=1
- Computing project fingerprint\ Computing project fingerprint| Computing project fingerprint/ Computing project fingerprint- Computing project fingerprint\ Computing project fingerprint| Computing project fingerprint/ Computing project fingerprint- Computing project fingerprint\ Computing project fingerprint| Computing project fingerprint/ Computing project fingerprint- Computing project fingerprint- Computing project fingerprint- Computing project fingerprint\ Computing project fingerprint| Computing project fingerprint/ Computing project fingerprint- Computing project fingerprint\ Computing project fingerprint| Computing project fingerprint/ Computing project fingerprint- Computing project fingerprint\ Computing project fingerprint| Computing project fingerprint/ Computing project fingerprint- Computing project fingerprint\ Computing project fingerprint| Computing project fingerprint/ Computing project fingerprint- Computing project fingerprint\ Computing project fingerprint| Computing project fingerprint/ Computing project fingerprint- Computing project fingerprint\ Computing project fingerprint| Computing project fingerprint/ Computing project fingerprint- Computing project fingerprint\ Computing project fingerprint| Computing project fingerprint/ Computing project fingerprint- Computing project fingerprint\ Computing project fingerprint| Computing project fingerprint/ Computing project fingerprint- Computing project fingerprint\ Computing project fingerprint| Computing project fingerprint/ Computing project fingerprint- Computing project fingerprint\ Computing project fingerprint| Computing project fingerprint/ Computing project fingerprint- Computing project fingerprint\ Computing project fingerprint| Computing project fingerprint/ Computing project fingerprint- Computing project fingerprint\ Computing project fingerprint| Computing project fingerprint/ Computing project fingerprint- Computing project fingerprint\ Computing project fingerprint| Computing project fingerprint/ Computing project fingerprint- Computing project fingerprint\ Computing project fingerprint| Computing project fingerprint/ Computing project fingerprint- Computing project fingerprint\ Computing project fingerprint| Computing project fingerprint/ Computing project fingerprint- Computing project fingerprint\ Computing project fingerprint| Computing project fingerprint/ Computing project fingerprint- Computing project fingerprint\ Computing project fingerprint| Computing project fingerprint/ Computing project fingerprint- Computing project fingerprint\ Computing project fingerprint| Computing project fingerprint/ Computing project fingerprint- Computing project fingerprint\ Computing project fingerprint| Computing project fingerprint/ Computing project fingerprint- Computing project fingerprint\ Computing project fingerprint| Computing project fingerprint/ Computing project fingerprint- Computing project fingerprint\ Computing project fingerprint| Computing project fingerprint/ Computing project fingerprint- Computing project fingerprint\ Computing project fingerprint| Computing project fingerprint/ Computing project fingerprint- Computing project fingerprint\ Computing project fingerprint| Computing project fingerprint/ Computing project fingerprint- Computing project fingerprint\ Computing project fingerprint| Computing project fingerprint/ Computing project fingerprint- Computing project fingerprint\ Computing project fingerprint| Computing project fingerprint/ Computing project fingerprint- Computing project fingerprint\ Computing project fingerprint| Computing project fingerprint/ Computing project fingerprint- Computing project fingerprint\ Computing project fingerprint| Computing project fingerprint/ Computing project fingerprint- Computing project fingerprint\ Computing project fingerprint| Computing project fingerprint/ Computing project fingerprint- Computing project fingerprint\ Computing project fingerprint| Computing project fingerprint/ Computing project fingerprint- Computing project fingerprint\ Computing project fingerprint| Computing project fingerprint/ Computing project fingerprint- Computing project fingerprint\ Computing project fingerprint| Computing project fingerprint/ Computing project fingerprint- Computing project fingerprint\ Computing project fingerprint| Computing project fingerprint/ Computing project fingerprint- Computing project fingerprint\ Computing project fingerprint| Computing project fingerprint/ Computing project fingerprint- Computing project fingerprint\ Computing project fingerprint| Computing project fingerprint/ Computing project fingerprint- Computing project fingerprint\ Computing project fingerprint| Computing project fingerprint/ Computing project fingerprint- Computing project fingerprint\ Computing project fingerprint| Computing project fingerprint/ Computing project fingerprint- Computing project fingerprint\ Computing project fingerprint| Computing project fingerprint/ Computing project fingerprint- Computing project fingerprint\ Computing project fingerprint| Computing project fingerprint/ Computing project fingerprint- Computing project fingerprint\ Computing project fingerprint| Computing project fingerprint/ Computing project fingerprint- Computing project fingerprint\ Computing project fingerprint| Computing project fingerprint/ Computing project fingerprint- Computing project fingerprint\ Computing project fingerprint| Computing project fingerprint/ Computing project fingerprint- Computing project fingerprint\ Computing project fingerprint| Computing project fingerprint/ Computing project fingerprint- Computing project fingerprint\ Computing project fingerprint| Computing project fingerprint/ Computing project fingerprint- Computing project fingerprint\ Computing project fingerprint| Computing project fingerprint/ Computing project fingerprint- Computing project fingerprint\ Computing project fingerprint| Computing project fingerprintΓêÜ Computed project fingerprint

See logs: https://expo.dev/accounts/mhaadiabu/projects/upsa-bridge-rebuild/builds/170a883e-f714-4cc7-80f0-3f39f3c3b701

Waiting for build to complete. You can press Ctrl+C to exit.
- Waiting for build to complete.\ Waiting for build to complete.| Waiting for build to complete./ Waiting for build to complete.- Build queued...\ Build queued...| Build queued.../ Build queued...- Build queued...\ Build queued...| Build queued.../ Build queued...- Build queued...\ Build queued...| Build queued.../ Build queued...- Build queued...\ Build queued...| Build queued.../ Build queued...- Build queued...\ Build queued...| Build queued.../ Build queued...- Build queued...\ Build queued...| Build queued.../ Build queued...- Build queued...\ Build queued...| Build queued.../ Build queued...- Build queued...\ Build queued...| Build queued.../ Build queued...- Build queued...\ Build queued...| Build queued.../ Build queued...- Build queued...\ Build queued...| Build queued.../ Build queued...- Build queued...\ Build queued...| Build queued.../ Build queued...- Build queued...\ Build queued...| Build queued.../ Build queued...- Build queued...\ Build queued...| Build queued.../ Build queued...- Build queued...\ Build queued...| Build queued.../ Build queued...- Build queued...\ Build queued...| Build queued.../ Build queued...- Build queued...\ Build queued...| Build queued.../ Build queued...- Build queued...\ Build queued...| Build queued.../ Build queued...- Build queued...\ Build queued...| Build queued.../ Build queued...- Build queued...\ Build in progress...| Build in progress.../ Build in progress...- Build in progress...\ Build in progress...| Build in progress.../ Build in progress...- Build in progress...\ Build in progress...| Build in progress.../ Build in progress...- Build in progress...\ Build in progress...| Build in progress.../ Build in progress...- Build in progress...\ Build in progress...| Build in progress.../ Build in progress...- Build in progress...\ Build in progress...| Build in progress.../ Build in progress...- Build in progress...\ Build in progress...| Build in progress.../ Build in progress...- Build in progress...\ Build in progress...| Build in progress.../ Build in progress...- Build in progress...\ Build in progress...| Build in progress.../ Build in progress...- Build in progress...\ Build in progress...| Build in progress.../ Build in progress...- Build in progress...\ Build in progress...| Build in progress.../ Build in progress...- Build in progress...\ Build in progress...| Build in progress.../ Build in progress...- Build in progress...\ Build in progress...| Build in progress.../ Build in progress...- Build in progress...\ Build in progress...| Build in progress.../ Build in progress...- Build in progress...\ Build in progress...| Build in progress.../ Build in progress...- Build in progress...\ Build in progress...| Build in progress.../ Build in progress...- Build in progress...\ Build in progress...| Build in progress.../ Build in progress...- Build in progress...\ Build in progress...| Build in progress.../ Build in progress...- Build in progress...\ Build in progress...| Build in progress.../ Build in progress...- Build in progress...\ Build in progress...| Build in progress.../ Build in progress...- Build in progress...\ Build in progress...| Build in progress.../ Build in progress...- Build in progress...\ Build in progress...| Build in progress.../ Build in progress...- Build in progress...\ Build in progress...| Build in progress.../ Build in progress...- Build in progress...\ Build in progress...| Build in progress.../ Build in progress...- Build in progress...\ Build in progress...| Build in progress.../ Build in progress...- Build in progress...\ Build in progress...| Build in progress.../ Build in progress...- Build in progress...\ Build in progress...| Build in progress.../ Build in progress...- Build in progress...\ Build in progress...| Build in progress.../ Build in progress...- Build in progress...\ Build in progress...| Build in progress.../ Build in progress...- Build in progress...\ Build in progress...| Build in progress.../ Build in progress...- Build in progress...\ Build in progress...| Build in progress.../ Build in progress...- Build in progress...\ Build in progress...| Build in progress.../ Build in progress...- Build in progress...\ Build in progress...| Build in progress.../ Build in progress...- Build in progress...\ Build in progress...| Build in progress.../ Build in progress...- Build in progress...\ Build in progress...| Build in progress.../ Build in progress...- Build in progress...\ Build in progress...| Build in progress.../ Build in progress...- Build in progress...\ Build in progress...| Build in progress.../ Build in progress...- Build in progress...\ Build in progress...| Build in progress.../ Build in progress...- Build in progress...\ Build in progress...| Build in progress.../ Build in progress...- Build in progress...\ Build in progress...| Build in progress.../ Build in progress...- Build in progress...\ Build in progress...| Build in progress.../ Build in progress...- Build in progress...\ Build in progress...| Build in progress.../ Build in progress...- Build in progress...\ Build in progress...| Build in progress.../ Build in progress...- Build in progress...\ Build in progress...| Build in progress.../ Build in progress...- Build in progress...\ Build in progress...| Build in progress.../ Build in progress...- Build in progress...\ Build in progress...| Build in progress.../ Build in progress...- Build in progress...\ Build in progress...| Build in progress.../ Build in progress...- Build in progress...\ Build in progress...| Build in progress.../ Build in progress...- Build in progress...\ Build in progress...| Build in progress.../ Build in progress...- Build in progress...\ Build in progress...| Build in progress.../ Build in progress...- Build in progress...\ Build in progress...| Build in progress.../ Build in progress...- Build in progress...\ Build in progress...| Build in progress.../ Build in progress...- Build in progress...\ Build in progress...| Build in progress.../ Build in progress...- Build in progress...\ Build in progress...| Build in progress.../ Build in progress...- Build in progress...\ Build in progress...| Build in progress.../ Build in progress...- Build in progress...\ Build in progress...| Build in progress.../ Build in progress...- Build in progress...\ Build in progress...| Build in progress.../ Build in progress...- Build in progress...\ Build in progress...| Build in progress.../ Build in progress...- Build in progress...\ Build in progress...| Build in progress.../ Build in progress...- Build in progress...\ Build in progress...| Build in progress.../ Build in progress...- Build in progress...\ Build in progress...| Build in progress.../ Build in progress...- Build in progress...\ Build in progress...| Build in progress.../ Build in progress...- Build in progress...\ Build in progress...| Build in progress.../ Build in progress...- Build in progress...\ Build in progress...| Build in progress.../ Build in progress...- Build in progress...\ Build in progress...| Build in progress.../ Build in progress...- Build in progress...\ Build in progress...| Build in progress.../ Build in progress...- Build in progress...\ Build in progress...| Build in progress.../ Build in progress...- Build in progress...\ Build in progress...| Build in progress.../ Build in progress...- Build in progress...\ Build in progress...| Build in progress.../ Build in progress...- Build in progress...\ Build in progress...| Build in progress.../ Build in progress...- Build in progress...\ Build in progress...| Build in progress.../ Build in progress...- Build in progress...\ Build in progress...| Build in progress.../ Build in progress...- Build in progress...\ Build in progress...| Build in progress.../ Build in progress...- Build in progress...\ Build in progress...| Build in progress.../ Build in progress...- Build in progress...\ Build in progress...| Build in progress.../ Build in progress...- Build in progress...\ Build in progress...| Build in progress.../ Build in progress...- Build in progress...\ Build in progress...| Build in progress.../ Build in progress...- Build in progress...\ Build in progress...| Build in progress.../ Build in progress...- Build in progress...\ Build in progress...| Build in progress.../ Build in progress...- Build in progress...\ Build in progress...| Build in progress.../ Build in progress...- Build in progress...\ Build in progress...| Build in progress.../ Build in progress...- Build in progress...\ Build in progress...| Build in progress.../ Build in progress...- Build in progress...\ Build in progress...| Build in progress.../ Build in progress...- Build in progress...\ Build in progress...| Build in progress.../ Build in progress...- Build in progress...\ Build in progress...| Build in progress.../ Build in progress...- Build in progress...\ Build in progress...| Build in progress.../ Build in progress...- Build in progress...\ Build in progress...| Build in progress.../ Build in progress...- Build in progress...\ Build in progress...| Build in progress.../ Build in progress...- Build in progress...\ Build in progress...| Build in progress.../ Build in progress...- Build in progress...\ Build in progress...| Build in progress.../ Build in progress...- Build in progress...\ Build in progress...| Build in progress.../ Build in progress...- Build in progress...\ Build in progress...| Build in progress.../ Build in progress...- Build in progress...\ Build in progress...| Build in progress.../ Build in progress...- Build in progress...\ Build in progress...| Build in progress.../ Build in progress...- Build in progress...\ Build in progress...| Build in progress.../ Build in progress...- Build in progress...\ Build in progress...| Build in progress.../ Build in progress...- Build in progress...\ Build in progress...| Build in progress.../ Build in progress...- Build in progress...\ Build in progress...| Build in progress.../ Build in progress...- Build in progress...\ Build in progress...| Build in progress.../ Build in progress...- Build in progress...\ Build in progress...| Build in progress.../ Build in progress...- Build in progress...\ Build in progress...| Build in progress.../ Build in progress...- Build in progress...\ Build in progress...| Build in progress.../ Build in progress...- Build in progress...\ Build in progress...| Build in progress.../ Build in progress...- Build in progress...\ Build in progress...| Build in progress.../ Build in progress...- Build in progress...\ Build in progress...| Build in progress.../ Build in progress...- Build in progress...\ Build in progress...| Build in progress.../ Build in progress...- Build in progress...\ Build in progress...| Build in progress.../ Build in progress...- Build in progress...\ Build in progress...| Build in progress.../ Build in progress...- Build in progress...\ Build in progress...| Build in progress.../ Build in progress...- Build in progress...\ Build in progress...| Build in progress.../ Build in progress...- Build in progress...\ Build in progress...| Build in progress.../ Build in progress...- Build in progress...\ Build in progress...| Build in progress.../ Build in progress...- Build in progress...\ Build in progress...| Build in progress.../ Build in progress...- Build in progress...\ Build in progress...| Build in progress.../ Build in progress...- Build in progress...\ Build in progress...| Build in progress.../ Build in progress...- Build in progress...\ Build in progress...| Build in progress.../ Build in progress...- Build in progress...\ Build in progress...| Build in progress.../ Build in progress...- Build in progress...\ Build in progress...| Build in progress.../ Build in progress...- Build in progress...\ Build in progress...| Build in progress.../ Build in progress...- Build in progress...\ Build in progress...| Build in progress.../ Build in progress...- Build in progress...\ Build in progress...| Build in progress.../ Build in progress...- Build in progress...\ Build in progress...| Build in progress.../ Build in progress...- Build in progress...\ Build in progress...| Build in progress.../ Build in progress...- Build in progress...\ Build in progress...| Build in progress.../ Build in progress...- Build in progress...\ Build in progress...| Build in progress.../ Build in progress...- Build in progress...\ Build in progress...| Build in progress.../ Build in progress...- Build in progress...\ Build in progress...| Build in progress.../ Build in progress...- Build in progress...\ Build in progress...| Build in progress.../ Build in progress...- Build in progress...\ Build in progress...| Build in progress.../ Build in progress...- Build in progress...\ Build in progress...| Build in progress.../ Build in progress...- Build in progress...\ Build in progress...| Build in progress.../ Build in progress...- Build in progress...\ Build in progress...| Build in progress.../ Build in progress...- Build in progress...\ Build in progress...| Build in progress.../ Build in progress...- Build in progress...\ Build in progress...| Build in progress.../ Build in progress...- Build in progress...\ Build in progress...| Build in progress.../ Build in progress...- Build in progress...\ Build in progress...| Build in progress.../ Build in progress...- Build in progress...\ Build in progress...| Build in progress.../ Build in progress...- Build in progress...\ Build in progress...| Build in progress.../ Build in progress...- Build in progress...\ Build in progress...| Build in progress.../ Build in progress...- Build in progress...\ Build in progress...| Build in progress.../ Build in progress...- Build in progress...\ Build in progress...| Build in progress.../ Build in progress...- Build in progress...\ Build in progress...| Build in progress.../ Build in progress...- Build in progress...\ Build in progress...| Build in progress.../ Build in progress...- Build in progress...\ Build in progress...| Build in progress.../ Build in progress...- Build in progress...\ Build in progress...| Build in progress.../ Build in progress...- Build in progress...\ Build in progress...| Build in progress.../ Build in progress...- Build in progress...\ Build in progress...| Build in progress.../ Build in progress...- Build in progress...\ Build in progress...| Build in progress.../ Build in progress...- Build in progress...\ Build in progress...| Build in progress.../ Build in progress...- Build in progress...\ Build in progress...| Build in progress.../ Build in progress...- Build in progress...\ Build in progress...| Build in progress.../ Build in progress...- Build in progress...\ Build in progress...| Build in progress.../ Build in progress...- Build in progress...\ Build in progress...| Build in progress.../ Build in progress...- Build in progress...\ Build in progress...| Build in progress.../ Build in progress...- Build in progress...\ Build in progress...| Build in progress.../ Build in progress...- Build in progress...\ Build in progress...| Build in progress.../ Build in progress...- Build in progress...\ Build in progress...| Build in progress.../ Build in progress...- Build in progress...\ Build in progress...| Build in progress.../ Build in progress...- Build in progress...\ Build in progress...| Build in progress.../ Build in progress...- Build in progress...\ Build in progress...| Build in progress.../ Build in progress...- Build in progress...\ Build in progress...| Build in progress.../ Build in progress...- Build in progress...\ Build in progress...| Build in progress.../ Build in progress...- Build in progress...\ Build in progress...| Build in progress.../ Build in progress...- Build in progress...\ Build in progress...| Build in progress.../ Build in progress...- Build in progress...\ Build in progress...| Build in progress.../ Build in progress...- Build in progress...\ Build in progress...| Build in progress.../ Build in progress...- Build in progress...\ Build in progress...| Build in progress.../ Build in progress...- Build in progress...\ Build in progress...| Build in progress.../ Build in progress...- Build in progress...\ Build in progress...| Build in progress.../ Build in progress...- Build in progress...\ Build in progress...| Build in progress.../ Build in progress...- Build in progress...\ Build in progress...| Build in progress.../ Build in progress...- Build in progress...\ Build in progress...| Build in progress.../ Build in progress...- Build in progress...\ Build in progress...| Build in progress.../ Build in progress...- Build in progress...\ Build in progress...| Build in progress.../ Build in progress...- Build in progress...\ Build in progress...| Build in progress.../ Build in progress...- Build in progress...\ Build in progress...| Build in progress.../ Build in progress...- Build in progress...\ Build in progress...| Build in progress.../ Build in progress...- Build in progress...\ Build in progress...| Build in progress.../ Build in progress...- Build in progress...\ Build in progress...| Build in progress.../ Build in progress...- Build in progress...\ Build in progress...| Build in progress.../ Build in progress...- Build in progress...\ Build in progress...| Build in progress.../ Build in progress...- Build in progress...\ Build in progress...| Build in progress.../ Build in progress...- Build in progress...\ Build in progress...| Build in progress.../ Build in progress...- Build in progress...\ Build in progress...| Build in progress.../ Build in progress...- Build in progress...\ Build in progress...| Build in progress.../ Build in progress...- Build in progress...\ Build in progress...| Build in progress.../ Build in progress...- Build in progress...\ Build in progress...| Build in progress.../ Build in progress...- Build in progress...\ Build in progress...| Build in progress.../ Build in progress...- Build in progress...\ Build in progress...| Build in progress.../ Build in progress...- Build in progress...\ Build in progress...| Build in progress.../ Build in progress...- Build in progress...\ Build in progress...| Build in progress.../ Build in progress...- Build in progress...\ Build in progress...| Build in progress.../ Build in progress...- Build in progress...\ Build in progress...| Build in progress.../ Build in progress...- Build in progress...\ Build in progress...| Build in progress.../ Build in progress...- Build in progress...\ Build in progress...| Build in progress.../ Build in progress...- Build in progress...\ Build in progress...| Build in progress.../ Build in progress...- Build in progress...\ Build in progress...| Build in progress.../ Build in progress...- Build in progress...\ Build in progress...| Build in progress.../ Build in progress...- Build in progress...\ Build in progress...| Build in progress.../ Build in progress...- Build in progress...\ Build in progress...| Build in progress.../ Build in progress...- Build in progress...\ Build in progress...| Build in progress.../ Build in progress...- Build in progress...\ Build in progress...| Build in progress.../ Build in progress...- Build in progress...\ Build in progress...| Build in progress.../ Build in progress...- Build in progress...\ Build in progress...| Build in progress.../ Build in progress...- Build in progress...\ Build in progress...| Build in progress.../ Build in progress...- Build in progress...\ Build in progress...| Build in progress.../ Build in progress...- Build in progress...\ Build in progress...| Build in progress.../ Build in progress...- Build in progress...\ Build in progress...| Build in progress.../ Build in progress...- Build in progress...\ Build in progress...| Build in progress.../ Build in progress...- Build in progress...\ Build in progress...| Build in progress.../ Build in progress...- Build in progress...\ Build in progress...| Build in progress.../ Build in progress...- Build in progress...\ Build in progress...| Build in progress.../ Build in progress...- Build in progress...\ Build in progress...| Build in progress.../ Build in progress...- Build in progress...\ Build in progress...| Build in progress.../ Build in progress...- Build in progress...\ Build in progress...| Build in progress.../ Build in progress...- Build in progress...\ Build in progress...| Build in progress.../ Build in progress...- Build in progress...\ Build in progress...| Build in progress.../ Build in progress...- Build in progress...\ Build in progress...| Build in progress.../ Build in progress...- Build in progress...\ Build in progress...| Build in progress.../ Build in progress...- Build in progress...\ Build in progress...| Build in progress.../ Build in progress...- Build in progress...\ Build in progress...| Build in progress.../ Build in progress...- Build in progress...\ Build in progress...| Build in progress.../ Build in progress...- Build in progress...\ Build in progress...| Build in progress.../ Build in progress...- Build in progress...\ Build in progress...| Build in progress.../ Build in progress...- Build in progress...\ Build in progress...| Build in progress.../ Build in progress...- Build in progress...\ Build in progress...| Build in progress.../ Build in progress...- Build in progress...\ Build in progress...| Build in progress.../ Build in progress...- Build in progress...\ Build in progress...| Build in progress.../ Build in progress...- Build in progress...\ Build in progress...| Build in progress.../ Build in progress...- Build in progress...\ Build in progress...| Build in progress.../ Build in progress...- Build in progress...\ Build in progress...| Build in progress.../ Build in progress...- Build in progress...\ Build in progress...| Build in progress.../ Build in progress...- Build in progress...\ Build in progress...| Build in progress.../ Build in progress...- Build in progress...\ Build in progress...| Build in progress.../ Build in progress...- Build in progress...\ Build in progress...| Build in progress.../ Build in progress...- Build in progress...\ Build in progress...| Build in progress.../ Build in progress...- Build in progress...\ Build in progress...| Build in progress.../ Build in progress...- Build in progress...\ Build in progress...| Build in progress.../ Build in progress...- Build in progress...\ Build in progress...| Build in progress.../ Build in progress...- Build in progress...\ Build in progress...| Build in progress.../ Build in progress...- Build in progress...\ Build in progress...| Build in progress.../ Build in progress...- Build in progress...\ Build in progress...| Build in progress.../ Build in progress...- Build in progress...\ Build in progress...| Build in progress.../ Build in progress...- Build in progress...\ Build in progress...| Build in progress.../ Build in progress...- Build in progress...\ Build in progress...| Build in progress.../ Build in progress...- Build in progress...\ Build in progress...| Build in progress.../ Build in progress...- Build in progress...\ Build in progress...| Build in progress.../ Build in progress...- Build in progress...\ Build in progress...| Build in progress.../ Build in progress...- Build in progress...\ Build in progress...| Build in progress.../ Build in progress...- Build in progress...\ Build in progress...| Build in progress.../ Build in progress...- Build in progress...\ Build in progress...| Build in progress.../ Build in progress...- Build in progress...\ Build in progress...| Build in progress.../ Build in progress...- Build in progress...\ Build in progress...| Build in progress.../ Build in progress...- Build in progress...\ Build in progress...| Build in progress.../ Build in progress...- Build in progress...\ Build in progress...| Build in progress.../ Build in progress...- Build in progress...\ Build in progress...| Build in progress.../ Build in progress...- Build in progress...\ Build in progress...| Build in progress.../ Build in progress...- Build in progress...\ Build in progress...| Build in progress.../ Build in progress...- Build in progress...\ Build in progress...| Build in progress.../ Build in progress...- Build in progress...\ Build in progress...| Build in progress.../ Build in progress...- Build in progress...\ Build in progress...| Build in progress.../ Build in progress...- Build in progress...\ Build in progress...| Build in progress.../ Build in progress...- Build in progress...\ Build in progress...| Build in progress.../ Build in progress...- Build in progress...\ Build in progress...| Build in progress.../ Build in progress...- Build in progress...\ Build in progress...| Build in progress.../ Build in progress...- Build in progress...\ Build in progress...| Build in progress.../ Build in progress...- Build in progress...\ Build in progress...| Build in progress.../ Build in progress...- Build in progress...\ Build in progress...| Build in progress.../ Build in progress...- Build in progress...\ Build in progress...| Build in progress.../ Build in progress...- Build in progress...\ Build in progress...| Build in progress.../ Build in progress...- Build in progress...\ Build in progress...| Build in progress.../ Build in progress...- Build in progress...\ Build in progress...| Build in progress.../ Build in progress...- Build in progress...\ Build in progress...| Build in progress.../ Build in progress...- Build in progress...\ Build in progress...| Build in progress.../ Build in progress...- Build in progress...\ Build in progress...| Build in progress.../ Build in progress...- Build in progress...\ Build in progress...| Build in progress.../ Build in progress...- Build in progress...\ Build in progress...| Build in progress.../ Build in progress...- Build in progress...\ Build in progress...| Build in progress.../ Build in progress...- Build in progress...\ Build in progress...| Build in progress.../ Build in progress...- Build in progress...\ Build in progress...| Build in progress.../ Build in progress...- Build in progress...\ Build in progress...| Build in progress.../ Build in progress...- Build in progress...\ Build in progress...| Build in progress.../ Build in progress...- Build in progress...\ Build in progress...| Build in progress.../ Build in progress...- Build in progress...\ Build in progress...| Build in progress.../ Build in progress...- Build in progress...\ Build in progress...| Build in progress.../ Build in progress...- Build in progress...\ Build in progress...| Build in progress.../ Build in progress...- Build in progress...\ Build in progress...| Build in progress.../ Build in progress...- Build in progress...\ Build in progress...| Build in progress.../ Build in progress...- Build in progress...\ Build in progress...| Build in progress.../ Build in progress...- Build in progress...\ Build in progress...| Build in progress.../ Build in progress...- Build in progress...\ Build in progress...| Build in progress.../ Build in progress...- Build in progress...\ Build in progress...| Build in progress.../ Build in progress...- Build in progress...\ Build in progress...| Build in progress.../ Build in progress...- Build in progress...\ Build in progress...| Build in progress.../ Build in progress...- Build in progress...\ Build in progress...| Build in progress.../ Build in progress...- Build in progress...\ Build in progress...| Build in progress.../ Build in progress...- Build in progress...\ Build in progress...| Build in progress.../ Build in progress...- Build in progress...\ Build in progress...| Build in progress.../ Build in progress...- Build in progress...\ Build in progress...| Build in progress.../ Build in progress...- Build in progress...\ Build in progress...| Build in progress.../ Build in progress...- Build in progress...\ Build in progress...| Build in progress.../ Build in progress...- Build in progress...\ Build in progress...| Build in progress.../ Build in progress...- Build in progress...\ Build in progress...| Build in progress.../ Build in progress...- Build in progress...\ Build in progress...| Build in progress.../ Build in progress...- Build in progress...\ Build in progress...| Build in progress.../ Build in progress...- Build in progress...\ Build in progress...| Build in progress.../ Build in progress...- Build in progress...\ Build in progress...| Build in progress.../ Build in progress...- Build in progress...\ Build in progress...| Build in progress.../ Build in progress...- Build in progress...\ Build in progress...| Build in progress.../ Build in progress...- Build in progress...\ Build in progress...| Build in progress.../ Build in progress...- Build in progress...\ Build in progress...| Build in progress.../ Build in progress...- Build in progress...\ Build in progress...| Build in progress.../ Build in progress...- Build in progress...\ Build in progress...| Build in progress.../ Build in progress...- Build in progress...\ Build in progress...| Build in progress.../ Build in progress...- Build in progress...\ Build in progress...| Build in progress.../ Build in progress...- Build in progress...\ Build in progress...| Build in progress.../ Build in progress...- Build in progress...\ Build in progress...| Build in progress.../ Build in progress...- Build in progress...\ Build in progress...| Build in progress.../ Build in progress...- Build in progress...\ Build in progress...| Build in progress.../ Build in progress...- Build in progress...\ Build in progress...| Build in progress.../ Build in progress...- Build in progress...\ Build in progress...| Build in progress.../ Build in progress...- Build in progress...\ Build in progress...| Build in progress.../ Build in progress...- Build in progress...\ Build in progress...| Build in progress.../ Build in progress...- Build in progress...\ Build in progress...| Build in progress.../ Build in progress...- Build in progress...\ Build in progress...| Build in progress.../ Build in progress...- Build in progress...\ Build in progress...| Build in progress.../ Build in progress...- Build in progress...\ Build in progress...| Build in progress.../ Build in progress...- Build in progress...\ Build in progress...| Build in progress.../ Build in progress...- Build in progress...\ Build in progress...| Build in progress.../ Build in progress...- Build in progress...\ Build in progress...| Build in progress.../ Build in progress...- Build in progress...\ Build in progress...| Build in progress.../ Build in progress...- Build in progress...\ Build in progress...| Build in progress.../ Build in progress...- Build in progress...\ Build in progress...| Build in progress.../ Build in progress...- Build in progress...\ Build in progress...| Build in progress.../ Build in progress...- Build in progress...\ Build in progress...| Build in progress.../ Build in progress...- Build in progress...\ Build in progress...| Build in progress.../ Build in progress...- Build in progress...\ Build in progress...| Build in progress.../ Build in progress...- Build in progress...\ Build in progress...| Build in progress.../ Build in progress...- Build in progress...\ Build in progress...| Build in progress.../ Build in progress...- Build in progress...\ Build in progress...| Build in progress.../ Build in progress...- Build in progress...\ Build in progress...| Build in progress.../ Build in progress...- Build in progress...\ Build in progress...| Build in progress.../ Build in progress...- Build in progress...\ Build in progress...| Build in progress.../ Build in progress...- Build in progress...\ Build in progress...| Build in progress.../ Build in progress...- Build in progress...\ Build in progress...| Build in progress.../ Build in progress...- Build in progress...\ Build in progress...| Build in progress.../ Build in progress...- Build in progress...\ Build in progress...| Build in progress.../ Build in progress...- Build in progress...\ Build in progress...| Build in progress.../ Build in progress...- Build in progress...\ Build in progress...├ù Build failed

≡ƒñû Android build failed:
Gradle build failed with unknown error. See logs for the "Run gradlew" (https://expo.dev/accounts/mhaadiabu/projects/upsa-bridge-rebuild/builds/170a883e-f714-4cc7-80f0-3f39f3c3b701#run-gradlew) phase for more information.
